// Jest Snapshot v1, https://goo.gl/fbAQLP

exports[`<Article /> should render correctly 1`] = `
<div
  className="col-sm-8 offset-2"
>
  <br />
  <div>
    <div
      key="1"
    >
      <div
        className="card bg-light text-dark"
      >
        <div
          className="card-body"
        >
          <div
            className="card-title"
          >
            <h6>
              <FontAwesomeIcon
                border={false}
                className=""
                fixedWidth={false}
                flip={null}
                icon={
                  Object {
                    "icon": Array [
                      448,
                      512,
                      Array [],
                      "f007",
                      "M224 256c70.7 0 128-57.3 128-128S294.7 0 224 0 96 57.3 96 128s57.3 128 128 128zm89.6 32h-16.7c-22.2 10.2-46.9 16-72.9 16s-50.6-5.8-72.9-16h-16.7C60.2 288 0 348.2 0 422.4V464c0 26.5 21.5 48 48 48h352c26.5 0 48-21.5 48-48v-41.6c0-74.2-60.2-134.4-134.4-134.4z",
                    ],
                    "iconName": "user",
                    "prefix": "fas",
                  }
                }
                inverse={false}
                listItem={false}
                mask={null}
                pull={null}
                pulse={false}
                rotation={null}
                size={null}
                spin={false}
                symbol={false}
                title=""
                transform={null}
              />
               
              Sulaiman
              <small>
                     
                <FontAwesomeIcon
                  border={false}
                  className=""
                  fixedWidth={false}
                  flip={null}
                  icon={
                    Object {
                      "icon": Array [
                        448,
                        512,
                        Array [],
                        "f133",
                        "M12 192h424c6.6 0 12 5.4 12 12v260c0 26.5-21.5 48-48 48H48c-26.5 0-48-21.5-48-48V204c0-6.6 5.4-12 12-12zm436-44v-36c0-26.5-21.5-48-48-48h-48V12c0-6.6-5.4-12-12-12h-40c-6.6 0-12 5.4-12 12v52H160V12c0-6.6-5.4-12-12-12h-40c-6.6 0-12 5.4-12 12v52H48C21.5 64 0 85.5 0 112v36c0 6.6 5.4 12 12 12h424c6.6 0 12-5.4 12-12z",
                      ],
                      "iconName": "calendar",
                      "prefix": "fas",
                    }
                  }
                  inverse={false}
                  listItem={false}
                  mask={null}
                  pull={null}
                  pulse={false}
                  rotation={null}
                  size={null}
                  spin={false}
                  symbol={false}
                  title=""
                  transform={null}
                />
                  Created  
                2018-12-10T05:23:51.342553Z
              </small>
            </h6>
          </div>
          <p
            className="card-text"
          >
            This is a comment
          </p>
          <LikeDislike
            commentId={1}
            dislikes={0}
            likes={3}
            onLikeDislike={[MockFunction]}
          />
        </div>
      </div>
      <br />
    </div>
  </div>
</div>
`;

exports[`<Article /> should render correctly 2`] = `
<div
  className="col-sm-8 offset-2"
>
  <h3>
     Comments 
  </h3>
  <br />
  <form
    onSubmit={[MockFunction]}
  >
    <div
      className="form-group"
    >
      <p>
        Write your comment :
      </p>
      <textarea
        className="form-control"
        id="comment"
        name="comment_body"
        onChange={[MockFunction]}
        required={true}
        rows="5"
      />
    </div>
    <button
      className="btn btn-dark offset-10"
      type="submit"
    >
      Submit
    </button>
  </form>
  <br />
  <br />
</div>
`;
